
Warning: Undefined array key "REQUEST_METHOD" in C:\Users\wowkd\Desktop\Antigraviti Condes\sivis_drive\core\auth.php on line 91

Sivis Drive System Test Report
===================================
[[32mPASS[0m] ID Translation: NanoID to Internal ID    (11.26ms)
[[32mPASS[0m] Permissions: Own Private Tree Access     (11.14ms)
[[32mPASS[0m] Permissions: Zarz─àd can access Employee folder (0.39ms)
[[32mPASS[0m] Permissions: Employee cannot edit Shared Root (11.46ms)
[[32mPASS[0m] Usage: Private storage calculation       (38.62ms)
[[32mPASS[0m] Settings: Retrieve default and custom values (21.78ms)
[[32mPASS[0m] Trash: Soft-delete folder logic          (21.27ms)
[[32mPASS[0m] GC: Garbage collector cleanup            (26.82ms)
[[32mPASS[0m] Security: CSRF token validation          (25.23ms)
[[32mPASS[0m] Database: CRUD on logs table             (10.46ms)
[[32mPASS[0m] Movement: Resolve NanoID for move target (10.4ms)
[[32mPASS[0m] Movement: Admin can move file in Shared Folder (22.39ms)
[[32mPASS[0m] Movement: Employee restricted in Shared Folder (0.29ms)
[[32mPASS[0m] AJAX: Move targets mapping integrity     (18.51ms)
[[32mPASS[0m] Permissions: Zarz─àd CANNOT see Admin private files (9.42ms)
[[32mPASS[0m] Permissions: Group-based Shared Access   (8.82ms)
[[32mPASS[0m] User: Password Hashing Logic             (185.11ms)
[[32mPASS[0m] Folder: Rename Sync                      (17.94ms)
[[32mPASS[0m] Cycle: Trash & Restore Lifecycle         (43.5ms)
[[32mPASS[0m] Integrity: NanoID Uniqueness             (0.39ms)
[[32mPASS[0m] Search: Recent activity detection        (19.22ms)
[[32mPASS[0m] Bulk Actions: Validate permissions for multiple ID selection (20.06ms)
[[32mPASS[0m] Security: Frontend JS syntax check (Regresja 'Unexpected token export') (0.92ms)
[[32mPASS[0m] Integrity: User creation role mapping    (0.01ms)
[[32mPASS[0m] Upload: DataTransfer mock check (Regresja 'Single file upload') (0.44ms)
[[31mFAIL[0m] Integracja: Po┼é─àczenie z Botem Telegram (0.16ms)
      - Message: B┼é─àd po┼é─àczenia z serwerami Telegram (Timeout lub brak internetu).
[[32mPASS[0m] Security: Telegram HTML Injection Prevention (tg_escape) (0.01ms)
===================================
